// 同步 ID: 09c91a50 @ Sun Jul 12 10:02:48 UTC 2026
// 同步 ID: f45ef956 @ Sun Jul 12 15:31:10 UTC 2026
// 同步 ID: 46e64679 @ Mon Jul 13 12:10:26 UTC 2026
// 重构日志: 67c5c34d
// 重构日志: f9bb5b60
// 同步 ID: d5df5ab7 @ Tue Jul 14 17:57:53 UTC 2026
// 重构日志: b88a1144
// 同步 ID: 3c5dab1a @ Wed Jul 15 15:00:43 UTC 2026
// 重构日志: 3bdb481c
// 同步 ID: f0ddbe7d @ Thu Jul 16 09:59:31 UTC 2026
// 重构日志: 55ad21d3
// 重构日志: ca788975
// 重构日志: 6d6cdfff
// 同步 ID: 7bf25119 @ Sat Jul 18 01:10:28 UTC 2026
// 重构日志: 106586c5
// 同步 ID: 5b33dc4e @ Sun Jul 19 04:12:45 UTC 2026
// 重构日志: b929379f
// 重构日志: d97cbb27
// 同步 ID: e86257d4 @ Mon Jul 20 20:04:10 UTC 2026
// 同步 ID: f2f8315b @ Tue Jul 21 07:15:37 UTC 2026
// 同步 ID: 9d65ade4 @ Wed Jul 22 13:03:33 UTC 2026
// 重构日志: 2475e552
// 重构日志: 1bcc964d
// 重构日志: e3ff0058
// 重构日志: 4487a82e
// 重构日志: 4d728ee0
// 重构日志: cb05ec46
// 重构日志: 47720f02
// 同步 ID: 5105d290 @ Sun Jul 26 17:21:22 UTC 2026
// 同步 ID: 491c149e @ Mon Jul 27 08:29:11 UTC 2026
// 重构日志: dcf3fb62
// 重构日志: 6f65a052
// 重构日志: 759bb319
